---
source: tests/source_loading.rs
expression: outcome
---
Ok(
    (
        KeyScenario(
            1v1,
        ),
        {
            "tests/source_loading/04-diamond/a.yaml": Source {
                source_file: "tests/source_loading/04-diamond/a.yaml",
                subs: {
                    SubroutineName(
                        "c",
                    ),
                },
                scenario: Scenario {
                    types: [],
                    subroutines: [
                        DefDeclareSub {
                            file_name: "c.yaml",
                            subroutine_name: SubroutineName(
                                "c",
                            ),
                            no_extra: NoExtra,
                        },
                    ],
                    actors: [],
                    dummies: [],
                    events: [],
                    no_extra: NoExtra,
                },
            },
            "tests/source_loading/04-diamond/b-left.yaml": Source {
                source_file: "tests/source_loading/04-diamond/b-left.yaml",
                subs: {
                    SubroutineName(
                        "a",
                    ),
                },
                scenario: Scenario {
                    types: [],
                    subroutines: [
                        DefDeclareSub {
                            file_name: "a.yaml",
                            subroutine_name: SubroutineName(
                                "a",
                            ),
                            no_extra: NoExtra,
                        },
                    ],
                    actors: [],
                    dummies: [],
                    events: [],
                    no_extra: NoExtra,
                },
            },
            "tests/source_loading/04-diamond/b-right.yaml": Source {
                source_file: "tests/source_loading/04-diamond/b-right.yaml",
                subs: {
                    SubroutineName(
                        "a",
                    ),
                },
                scenario: Scenario {
                    types: [],
                    subroutines: [
                        DefDeclareSub {
                            file_name: "a.yaml",
                            subroutine_name: SubroutineName(
                                "a",
                            ),
                            no_extra: NoExtra,
                        },
                    ],
                    actors: [],
                    dummies: [],
                    events: [],
                    no_extra: NoExtra,
                },
            },
            "tests/source_loading/04-diamond/c.yaml": Source {
                source_file: "tests/source_loading/04-diamond/c.yaml",
                subs: {},
                scenario: Scenario {
                    types: [],
                    subroutines: [],
                    actors: [],
                    dummies: [],
                    events: [],
                    no_extra: NoExtra,
                },
            },
            "tests/source_loading/04-diamond.luci.yaml": Source {
                source_file: "tests/source_loading/04-diamond.luci.yaml",
                subs: {
                    SubroutineName(
                        "b-left",
                    ),
                    SubroutineName(
                        "b-right",
                    ),
                },
                scenario: Scenario {
                    types: [],
                    subroutines: [
                        DefDeclareSub {
                            file_name: "b-left.yaml",
                            subroutine_name: SubroutineName(
                                "b-left",
                            ),
                            no_extra: NoExtra,
                        },
                        DefDeclareSub {
                            file_name: "b-right.yaml",
                            subroutine_name: SubroutineName(
                                "b-right",
                            ),
                            no_extra: NoExtra,
                        },
                    ],
                    actors: [],
                    dummies: [],
                    events: [],
                    no_extra: NoExtra,
                },
            },
        },
    ),
)
