---
source: tests/source_loading.rs
expression: outcome
---
Err(
    SourceFileCyclicDependency(
        "tests/source_loading/03-indirect-cyclic-inclusion.luci.yaml",
    ),
)
